Archive member included to satisfy reference by file (symbol)

C:/ST/STM32CubeIDE_1.13.1/STM32CubeIDE/plugins/com.st.stm32cube.ide.mcu.externaltools.gnu-tools-for-stm32.11.3.rel1.win32_1.1.0.202305231506/tools/bin/../lib/gcc/arm-none-eabi/11.3.1/../../../../arm-none-eabi/lib/thumb/v7-m/nofp\libc_nano.a(libc_a-exit.o)
                              C:/ST/STM32CubeIDE_1.13.1/STM32CubeIDE/plugins/com.st.stm32cube.ide.mcu.externaltools.gnu-tools-for-stm32.11.3.rel1.win32_1.1.0.202305231506/tools/bin/../lib/gcc/arm-none-eabi/11.3.1/../../../../arm-none-eabi/lib/thumb/v7-m/nofp/crt0.o (exit)
C:/ST/STM32CubeIDE_1.13.1/STM32CubeIDE/plugins/com.st.stm32cube.ide.mcu.externaltools.gnu-tools-for-stm32.11.3.rel1.win32_1.1.0.202305231506/tools/bin/../lib/gcc/arm-none-eabi/11.3.1/../../../../arm-none-eabi/lib/thumb/v7-m/nofp\libc_nano.a(libc_a-findfp.o)
                              C:/ST/STM32CubeIDE_1.13.1/STM32CubeIDE/plugins/com.st.stm32cube.ide.mcu.externaltools.gnu-tools-for-stm32.11.3.rel1.win32_1.1.0.202305231506/tools/bin/../lib/gcc/arm-none-eabi/11.3.1/../../../../arm-none-eabi/lib/thumb/v7-m/nofp\libc_nano.a(libc_a-exit.o) (__stdio_exit_handler)
C:/ST/STM32CubeIDE_1.13.1/STM32CubeIDE/plugins/com.st.stm32cube.ide.mcu.externaltools.gnu-tools-for-stm32.11.3.rel1.win32_1.1.0.202305231506/tools/bin/../lib/gcc/arm-none-eabi/11.3.1/../../../../arm-none-eabi/lib/thumb/v7-m/nofp\libc_nano.a(libc_a-fwalk.o)
                              C:/ST/STM32CubeIDE_1.13.1/STM32CubeIDE/plugins/com.st.stm32cube.ide.mcu.externaltools.gnu-tools-for-stm32.11.3.rel1.win32_1.1.0.202305231506/tools/bin/../lib/gcc/arm-none-eabi/11.3.1/../../../../arm-none-eabi/lib/thumb/v7-m/nofp\libc_nano.a(libc_a-findfp.o) (_fwalk_sglue)
C:/ST/STM32CubeIDE_1.13.1/STM32CubeIDE/plugins/com.st.stm32cube.ide.mcu.externaltools.gnu-tools-for-stm32.11.3.rel1.win32_1.1.0.202305231506/tools/bin/../lib/gcc/arm-none-eabi/11.3.1/../../../../arm-none-eabi/lib/thumb/v7-m/nofp\libc_nano.a(libc_a-stdio.o)
                              C:/ST/STM32CubeIDE_1.13.1/STM32CubeIDE/plugins/com.st.stm32cube.ide.mcu.externaltools.gnu-tools-for-stm32.11.3.rel1.win32_1.1.0.202305231506/tools/bin/../lib/gcc/arm-none-eabi/11.3.1/../../../../arm-none-eabi/lib/thumb/v7-m/nofp\libc_nano.a(libc_a-findfp.o) (__sread)
C:/ST/STM32CubeIDE_1.13.1/STM32CubeIDE/plugins/com.st.stm32cube.ide.mcu.externaltools.gnu-tools-for-stm32.11.3.rel1.win32_1.1.0.202305231506/tools/bin/../lib/gcc/arm-none-eabi/11.3.1/../../../../arm-none-eabi/lib/thumb/v7-m/nofp\libc_nano.a(libc_a-memset.o)
                              C:/ST/STM32CubeIDE_1.13.1/STM32CubeIDE/plugins/com.st.stm32cube.ide.mcu.externaltools.gnu-tools-for-stm32.11.3.rel1.win32_1.1.0.202305231506/tools/bin/../lib/gcc/arm-none-eabi/11.3.1/../../../../arm-none-eabi/lib/thumb/v7-m/nofp/crt0.o (memset)
C:/ST/STM32CubeIDE_1.13.1/STM32CubeIDE/plugins/com.st.stm32cube.ide.mcu.externaltools.gnu-tools-for-stm32.11.3.rel1.win32_1.1.0.202305231506/tools/bin/../lib/gcc/arm-none-eabi/11.3.1/../../../../arm-none-eabi/lib/thumb/v7-m/nofp\libc_nano.a(libc_a-closer.o)
                              C:/ST/STM32CubeIDE_1.13.1/STM32CubeIDE/plugins/com.st.stm32cube.ide.mcu.externaltools.gnu-tools-for-stm32.11.3.rel1.win32_1.1.0.202305231506/tools/bin/../lib/gcc/arm-none-eabi/11.3.1/../../../../arm-none-eabi/lib/thumb/v7-m/nofp\libc_nano.a(libc_a-stdio.o) (_close_r)
C:/ST/STM32CubeIDE_1.13.1/STM32CubeIDE/plugins/com.st.stm32cube.ide.mcu.externaltools.gnu-tools-for-stm32.11.3.rel1.win32_1.1.0.202305231506/tools/bin/../lib/gcc/arm-none-eabi/11.3.1/../../../../arm-none-eabi/lib/thumb/v7-m/nofp\libc_nano.a(libc_a-reent.o)
                              C:/ST/STM32CubeIDE_1.13.1/STM32CubeIDE/plugins/com.st.stm32cube.ide.mcu.externaltools.gnu-tools-for-stm32.11.3.rel1.win32_1.1.0.202305231506/tools/bin/../lib/gcc/arm-none-eabi/11.3.1/../../../../arm-none-eabi/lib/thumb/v7-m/nofp\libc_nano.a(libc_a-closer.o) (errno)
C:/ST/STM32CubeIDE_1.13.1/STM32CubeIDE/plugins/com.st.stm32cube.ide.mcu.externaltools.gnu-tools-for-stm32.11.3.rel1.win32_1.1.0.202305231506/tools/bin/../lib/gcc/arm-none-eabi/11.3.1/../../../../arm-none-eabi/lib/thumb/v7-m/nofp\libc_nano.a(libc_a-impure.o)
                              C:/ST/STM32CubeIDE_1.13.1/STM32CubeIDE/plugins/com.st.stm32cube.ide.mcu.externaltools.gnu-tools-for-stm32.11.3.rel1.win32_1.1.0.202305231506/tools/bin/../lib/gcc/arm-none-eabi/11.3.1/../../../../arm-none-eabi/lib/thumb/v7-m/nofp\libc_nano.a(libc_a-reent.o) (_impure_ptr)
C:/ST/STM32CubeIDE_1.13.1/STM32CubeIDE/plugins/com.st.stm32cube.ide.mcu.externaltools.gnu-tools-for-stm32.11.3.rel1.win32_1.1.0.202305231506/tools/bin/../lib/gcc/arm-none-eabi/11.3.1/../../../../arm-none-eabi/lib/thumb/v7-m/nofp\libc_nano.a(libc_a-lseekr.o)
[...]
Memory Configuration

Name             Origin             Length             Attributes
RAM              0x0000000020000000 0x0000000000002800 xrw
FLASH            0x0000000008000000 0x0000000000008000 xr
*default*        0x0000000000000000 0xffffffffffffffff

Linker script and memory map

LOAD C:/ST/STM32CubeIDE_1.13.1/STM32CubeIDE/plugins/com.st.stm32cube.ide.mcu.externaltools.gnu-tools-for-stm32.11.3.rel1.win32_1.1.0.202305231506/tools/bin/../lib/gcc/arm-none-eabi/11.3.1/thumb/v7-m/nofp/crti.o
LOAD C:/ST/STM32CubeIDE_1.13.1/STM32CubeIDE/plugins/com.st.stm32cube.ide.mcu.externaltools.gnu-tools-for-stm32.11.3.rel1.win32_1.1.0.202305231506/tools/bin/../lib/gcc/arm-none-eabi/11.3.1/thumb/v7-m/nofp/crtbegin.o
LOAD C:/ST/STM32CubeIDE_1.13.1/STM32CubeIDE/plugins/com.st.stm32cube.ide.mcu.externaltools.gnu-tools-for-stm32.11.3.rel1.win32_1.1.0.202305231506/tools/bin/../lib/gcc/arm-none-eabi/11.3.1/../../../../arm-none-eabi/lib/thumb/v7-m/nofp/crt0.o
LOAD ./Core/Src/button.o
LOAD ./Core/Src/fsm_automatic.o
LOAD ./Core/Src/fsm_manual.o
LOAD ./Core/Src/global.o
LOAD ./Core/Src/led.o
LOAD ./Core/Src/main.o
LOAD ./Core/Src/software_timer.o
LOAD ./Core/Src/stm32f1xx_hal_msp.o
LOAD ./Core/Src/stm32f1xx_it.o
LOAD ./Core/Src/syscalls.o
LOAD ./Core/Src/sysmem.o
LOAD ./Core/Src/system_stm32f1xx.o
LOAD ./Core/Startup/startup_stm32f103c6tx.o
LOAD ./Drivers/STM32F1xx_HAL_Driver/Src/stm32f1xx_hal.o
LOAD ./Drivers/STM32F1xx_HAL_Driver/Src/stm32f1xx_hal_cortex.o
LOAD ./Drivers/STM32F1xx_HAL_Driver/Src/stm32f1xx_hal_dma.o
LOAD ./Drivers/STM32F1xx_HAL_Driver/Src/stm32f1xx_hal_exti.o
LOAD ./Drivers/STM32F1xx_HAL_Driver/Src/stm32f1xx_hal_flash.o
LOAD ./Drivers/STM32F1xx_HAL_Driver/Src/stm32f1xx_hal_flash_ex.o
LOAD ./Drivers/STM32F1xx_HAL_Driver/Src/stm32f1xx_hal_gpio.o
LOAD ./Drivers/STM32F1xx_HAL_Driver/Src/stm32f1xx_hal_gpio_ex.o
LOAD ./Drivers/STM32F1xx_HAL_Driver/Src/stm32f1xx_hal_pwr.o
LOAD ./Drivers/STM32F1xx_HAL_Driver/Src/stm32f1xx_hal_rcc.o
LOAD ./Drivers/STM32F1xx_HAL_Driver/Src/stm32f1xx_hal_rcc_ex.o
LOAD ./Drivers/STM32F1xx_HAL_Driver/Src/stm32f1xx_hal_tim.o
LOAD ./Drivers/STM32F1xx_HAL_Driver/Src/stm32f1xx_hal_tim_ex.o
START GROUP
LOAD C:/ST/STM32CubeIDE_1.13.1/STM32CubeIDE/plugins/com.st.stm32cube.ide.mcu.externaltools.gnu-tools-for-stm32.11.3.rel1.win32_1.1.0.202305231506/tools/bin/../lib/gcc/arm-none-eabi/11.3.1/../../../../arm-none-eabi/lib/thumb/v7-m/nofp\libc_nano.a
LOAD C:/ST/STM32CubeIDE_1.13.1/STM32CubeIDE/plugins/com.st.stm32cube.ide.mcu.externaltools.gnu-tools-for-stm32.11.3.rel1.win32_1.1.0.202305231506/tools/bin/../lib/gcc/arm-none-eabi/11.3.1/../../../../arm-none-eabi/lib/thumb/v7-m/nofp\libm.a
END GROUP
START GROUP
LOAD C:/ST/STM32CubeIDE_1.13.1/STM32CubeIDE/plugins/com.st.stm32cube.ide.mcu.externaltools.gnu-tools-for-stm32.11.3.rel1.win32_1.1.0.202305231506/tools/bin/../lib/gcc/arm-none-eabi/11.3.1/thumb/v7-m/nofp\libgcc.a
LOAD C:/ST/STM32CubeIDE_1.13.1/STM32CubeIDE/plugins/com.st.stm32cube.ide.mcu.externaltools.gnu-tools-for-stm32.11.3.rel1.win32_1.1.0.202305231506/tools/bin/../lib/gcc/arm-none-eabi/11.3.1/../../../../arm-none-eabi/lib/thumb/v7-m/nofp\libc_nano.a
END GROUP
START GROUP
LOAD C:/ST/STM32CubeIDE_1.13.1/STM32CubeIDE/plugins/com.st.stm32cube.ide.mcu.externaltools.gnu-tools-for-stm32.11.3.rel1.win32_1.1.0.202305231506/tools/bin/../lib/gcc/arm-none-eabi/11.3.1/thumb/v7-m/nofp\libgcc.a
LOAD C:/ST/STM32CubeIDE_1.13.1/STM32CubeIDE/plugins/com.st.stm32cube.ide.mcu.externaltools.gnu-tools-for-stm32.11.3.rel1.win32_1.1.0.202305231506/tools/bin/../lib/gcc/arm-none-eabi/11.3.1/../../../../arm-none-eabi/lib/thumb/v7-m/nofp\libc_nano.a
LOAD C:/ST/STM32CubeIDE_1.13.1/STM32CubeIDE/plugins/com.st.stm32cube.ide.mcu.externaltools.gnu-tools-for-stm32.11.3.rel1.win32_1.1.0.202305231506/tools/bin/../lib/gcc/arm-none-eabi/11.3.1/../../../../arm-none-eabi/lib/thumb/v7-m/nofp\libnosys.a
END GROUP
START GROUP
LOAD C:/ST/STM32CubeIDE_1.13.1/STM32CubeIDE/plugins/com.st.stm32cube.ide.mcu.externaltools.gnu-tools-for-stm32.11.3.rel1.win32_1.1.0.202305231506/tools/bin/../lib/gcc/arm-none-eabi/11.3.1/thumb/v7-m/nofp\libgcc.a
LOAD C:/ST/STM32CubeIDE_1.13.1/STM32CubeIDE/plugins/com.st.stm32cube.ide.mcu.externaltools.gnu-tools-for-stm32.11.3.rel1.win32_1.1.0.202305231506/tools/bin/../lib/gcc/arm-none-eabi/11.3.1/../../../../arm-none-eabi/lib/thumb/v7-m/nofp\libc_nano.a
LOAD C:/ST/STM32CubeIDE_1.13.1/STM32CubeIDE/plugins/com.st.stm32cube.ide.mcu.externaltools.gnu-tools-for-stm32.11.3.rel1.win32_1.1.0.202305231506/tools/bin/../lib/gcc/arm-none-eabi/11.3.1/../../../../arm-none-eabi/lib/thumb/v7-m/nofp\libnosys.a
END GROUP
LOAD C:/ST/STM32CubeIDE_1.13.1/STM32CubeIDE/plugins/com.st.stm32cube.ide.mcu.externaltools.gnu-tools-for-stm32.11.3.rel1.win32_1.1.0.202305231506/tools/bin/../lib/gcc/arm-none-eabi/11.3.1/thumb/v7-m/nofp/crtend.o
LOAD C:/ST/STM32CubeIDE_1.13.1/STM32CubeIDE/plugins/com.st.stm32cube.ide.mcu.externaltools.gnu-tools-for-stm32.11.3.rel1.win32_1.1.0.202305231506/tools/bin/../lib/gcc/arm-none-eabi/11.3.1/thumb/v7-m/nofp/crtn.o
                0x0000000020002800                _estack = (ORIGIN (RAM) + LENGTH (RAM))
                0x0000000000000200                _Min_Heap_Size = 0x200
                0x0000000000000400                _Min_Stack_Size = 0x400

.isr_vector     0x0000000008000000      0x10c
                0x0000000008000000                . = ALIGN (0x4)
 *(.isr_vector)
 .isr_vector    0x0000000008000000      0x10c ./Core/Startup/startup_stm32f103c6tx.o
                0x0000000008000000                g_pfnVectors
                0x000000000800010c                . = ALIGN (0x4)

.text           0x000000000800010c     0x2d68
                0x000000000800010c                . = ALIGN (0x4)
 *(.text)
 .text          0x000000000800010c       0x40 C:/ST/STM32CubeIDE_1.13.1/STM32CubeIDE/plugins/com.st.stm32cube.ide.mcu.externaltools.gnu-tools-for-stm32.11.3.rel1.win32_1.1.0.202305231506/tools/bin/../lib/gcc/arm-none-eabi/11.3.1/thumb/v7-m/nofp/crtbegin.o
 *(.text*)
 .text.subKeyProcess
                0x000000000800014c       0x20 ./Core/Src/button.o
                0x000000000800014c                subKeyProcess
 .text.isButtonPressed
                0x000000000800016c       0x34 ./Core/Src/button.o
                0x000000000800016c                isButtonPressed
 .text.getKeyInput
                0x00000000080001a0      0x11c ./Core/Src/button.o
                0x00000000080001a0                getKeyInput
 .text.number_for2led
                0x00000000080002bc       0x48 ./Core/Src/fsm_automatic.o
                0x00000000080002bc                number_for2led
 .text.update_countdown
                0x0000000008000304       0xd0 ./Core/Src/fsm_automatic.o
                0x0000000008000304                update_countdown
 .text.enablechange
                0x00000000080003d4       0x40 ./Core/Src/fsm_automatic.o
                0x00000000080003d4                enablechange
 .text.timeforhor
                0x0000000008000414       0x60 ./Core/Src/fsm_automatic.o
                0x0000000008000414                timeforhor
 .text.timeforver
                0x0000000008000474       0x60 ./Core/Src/fsm_automatic.o
                0x0000000008000474                timeforver
 .text.fsm_automatic_run
                0x00000000080004d4      0x2cc ./Core/Src/fsm_automatic.o
                0x00000000080004d4                fsm_automatic_run
 .text.button1_work
                0x00000000080007a0       0xa8 ./Core/Src/fsm_manual.o
                0x00000000080007a0                button1_work
 .text.button2_work
                0x0000000008000848       0x88 ./Core/Src/fsm_manual.o
                0x0000000008000848                button2_work
 .text.button3_work
                0x00000000080008d0       0x78 ./Core/Src/fsm_manual.o
                0x00000000080008d0                button3_work
 .text.fsm_manual_run
                0x0000000008000948      0x138 ./Core/Src/fsm_manual.o
                0x0000000008000948                fsm_manual_run
 .text.reset_LED
                0x0000000008000a80       0x50 ./Core/Src/led.o
                0x0000000008000a80                reset_LED
 .text.set_LED_RED_ver
                0x0000000008000ad0       0x2c ./Core/Src/led.o
                0x0000000008000ad0                set_LED_RED_ver
 .text.set_LED_GREEN_ver
                0x0000000008000afc       0x2c ./Core/Src/led.o
                0x0000000008000afc                set_LED_GREEN_ver
 .text.set_LED_YELLOW_ver
                0x0000000008000b28       0x2c ./Core/Src/led.o
                0x0000000008000b28                set_LED_YELLOW_ver
 .text.set_LED_RED_hor
                0x0000000008000b54       0x30 ./Core/Src/led.o
                0x0000000008000b54                set_LED_RED_hor
 .text.set_LED_GREEN_hor
                0x0000000008000b84       0x30 ./Core/Src/led.o
                0x0000000008000b84                set_LED_GREEN_hor
 .text.set_LED_YELLOW_hor
                0x0000000008000bb4       0x30 ./Core/Src/led.o
                0x0000000008000bb4                set_LED_YELLOW_hor
 .text.blinky_red_led
                0x0000000008000be4       0x30 ./Core/Src/led.o
                0x0000000008000be4                blinky_red_led
 .text.blinky_green_led
                0x0000000008000c14       0x30 ./Core/Src/led.o
                0x0000000008000c14                blinky_green_led
 .text.blinky_yellow_led
                0x0000000008000c44       0x30 ./Core/Src/led.o
                0x0000000008000c44                blinky_yellow_led
 .text.display7SEGhor
                0x0000000008000c74      0x31c ./Core/Src/led.o
                0x0000000008000c74                display7SEGhor
 .text.display7SEGver
                0x0000000008000f90      0x3b0 ./Core/Src/led.o
                0x0000000008000f90                display7SEGver
 .text.main     0x0000000008001340       0x4c ./Core/Src/main.o
                0x0000000008001340                main
 .text.SystemClock_Config
                0x000000000800138c       0x76 ./Core/Src/main.o
                0x000000000800138c                SystemClock_Config
 *fill*         0x0000000008001402        0x2 
 .text.MX_TIM2_Init
                0x0000000008001404       0x98 ./Core/Src/main.o
 .text.MX_GPIO_Init
                0x000000000800149c       0xe4 ./Core/Src/main.o
 .text.HAL_TIM_PeriodElapsedCallback
                0x0000000008001580       0x2a ./Core/Src/main.o
                0x0000000008001580                HAL_TIM_PeriodElapsedCallback
 .text.Error_Handler
                0x00000000080015aa        0xa ./Core/Src/main.o
                0x00000000080015aa                Error_Handler
 .text.setTimer
                0x00000000080015b4       0x3c ./Core/Src/software_timer.o
                0x00000000080015b4                setTimer
 .text.setTimer1
                0x00000000080015f0       0x34 ./Core/Src/software_timer.o
                0x00000000080015f0                setTimer1
 .text.timerRun
                0x0000000008001624       0x50 ./Core/Src/software_timer.o
                0x0000000008001624                timerRun
 .text.timerRun1
                0x0000000008001674       0x34 ./Core/Src/software_timer.o
                0x0000000008001674                timerRun1
 .text.HAL_MspInit
                0x00000000080016a8       0x64 ./Core/Src/stm32f1xx_hal_msp.o
                0x00000000080016a8                HAL_MspInit
 .text.HAL_TIM_Base_MspInit
                0x000000000800170c       0x48 ./Core/Src/stm32f1xx_hal_msp.o
                0x000000000800170c                HAL_TIM_Base_MspInit
 .text.NMI_Handler
                0x0000000008001754        0x6 ./Core/Src/stm32f1xx_it.o
                0x0000000008001754                NMI_Handler
 .text.HardFault_Handler
                0x000000000800175a        0x6 ./Core/Src/stm32f1xx_it.o
                0x000000000800175a                HardFault_Handler
 .text.MemManage_Handler
                0x0000000008001760        0x6 ./Core/Src/stm32f1xx_it.o
                0x0000000008001760                MemManage_Handler
 .text.BusFault_Handler
                0x0000000008001766        0x6 ./Core/Src/stm32f1xx_it.o
                0x0000000008001766                BusFault_Handler
 .text.UsageFault_Handler
                0x000000000800176c        0x6 ./Core/Src/stm32f1xx_it.o
                0x000000000800176c                UsageFault_Handler
 .text.SVC_Handler
                0x0000000008001772        0xc ./Core/Src/stm32f1xx_it.o
                0x0000000008001772                SVC_Handler
 .text.DebugMon_Handler
                0x000000000800177e        0xc ./Core/Src/stm32f1xx_it.o
                0x000000000800177e                DebugMon_Handler
 .text.PendSV_Handler
                0x000000000800178a        0xc ./Core/Src/stm32f1xx_it.o
                0x000000000800178a                PendSV_Handler
 .text.SysTick_Handler
                0x0000000008001796        0xc ./Core/Src/stm32f1xx_it.o
                0x0000000008001796                SysTick_Handler
 *fill*         0x00000000080017a2        0x2 
 .text.TIM2_IRQHandler
                0x00000000080017a4       0x14 ./Core/Src/stm32f1xx_it.o
                0x00000000080017a4                TIM2_IRQHandler
 .text.SystemInit
                0x00000000080017b8        0xc ./Core/Src/system_stm32f1xx.o
                0x00000000080017b8                SystemInit
 .text.Reset_Handler
                0x00000000080017c4       0x48 ./Core/Startup/startup_stm32f103c6tx.o
                0x00000000080017c4                Reset_Handler
 .text.Default_Handler
                0x000000000800180c        0x2 ./Core/Startup/startup_stm32f103c6tx.o
                0x000000000800180c                RTC_Alarm_IRQHandler
                0x000000000800180c                EXTI2_IRQHandler
                0x000000000800180c                TIM1_CC_IRQHandler
                0x000000000800180c                PVD_IRQHandler
                0x000000000800180c                EXTI3_IRQHandler
                0x000000000800180c                EXTI0_IRQHandler
                0x000000000800180c                ADC1_2_IRQHandler
                0x000000000800180c                SPI1_IRQHandler
                0x000000000800180c                TAMPER_IRQHandler
                0x000000000800180c                DMA1_Channel4_IRQHandler
                0x000000000800180c                RTC_IRQHandler
                0x000000000800180c                DMA1_Channel7_IRQHandler
                0x000000000800180c                CAN1_RX1_IRQHandler
                0x000000000800180c                I2C1_EV_IRQHandler
                0x000000000800180c                DMA1_Channel6_IRQHandler
                0x000000000800180c                TIM3_IRQHandler
                0x000000000800180c                RCC_IRQHandler
                0x000000000800180c                TIM1_TRG_COM_IRQHandler
                0x000000000800180c                DMA1_Channel1_IRQHandler
                0x000000000800180c                Default_Handler
                0x000000000800180c                EXTI15_10_IRQHandler
                0x000000000800180c                EXTI9_5_IRQHandler
                0x000000000800180c                DMA1_Channel5_IRQHandler
                0x000000000800180c                EXTI4_IRQHandler
                0x000000000800180c                USB_LP_CAN1_RX0_IRQHandler
                0x000000000800180c                USB_HP_CAN1_TX_IRQHandler
                0x000000000800180c                DMA1_Channel3_IRQHandler
                0x000000000800180c                TIM1_UP_IRQHandler
                0x000000000800180c                WWDG_IRQHandler
                0x000000000800180c                TIM1_BRK_IRQHandler
                0x000000000800180c                EXTI1_IRQHandler
                0x000000000800180c                USART2_IRQHandler
                0x000000000800180c                DMA1_Channel2_IRQHandler
                0x000000000800180c                CAN1_SCE_IRQHandler
                0x000000000800180c                FLASH_IRQHandler
                0x000000000800180c                USART1_IRQHandler
                0x000000000800180c                I2C1_ER_IRQHandler
                0x000000000800180c                USBWakeUp_IRQHandler
 *fill*         0x000000000800180e        0x2 
 .text.HAL_Init
                0x0000000008001810       0x2c ./Drivers/STM32F1xx_HAL_Driver/Src/stm32f1xx_hal.o
                0x0000000008001810                HAL_Init
 .text.HAL_InitTick
                0x000000000800183c       0x60 ./Drivers/STM32F1xx_HAL_Driver/Src/stm32f1xx_hal.o
                0x000000000800183c                HAL_InitTick
 .text.HAL_IncTick
                0x000000000800189c       0x24 ./Drivers/STM32F1xx_HAL_Driver/Src/stm32f1xx_hal.o
                0x000000000800189c                HAL_IncTick
 .text.HAL_GetTick
                0x00000000080018c0       0x14 ./Drivers/STM32F1xx_HAL_Driver/Src/stm32f1xx_hal.o
                0x00000000080018c0                HAL_GetTick
 .text.__NVIC_SetPriorityGrouping
                0x00000000080018d4       0x48 ./Drivers/STM32F1xx_HAL_Driver/Src/stm32f1xx_hal_cortex.o
 .text.__NVIC_GetPriorityGrouping
                0x000000000800191c       0x1c ./Drivers/STM32F1xx_HAL_Driver/Src/stm32f1xx_hal_cortex.o
 .text.__NVIC_EnableIRQ
                0x0000000008001938       0x38 ./Drivers/STM32F1xx_HAL_Driver/Src/stm32f1xx_hal_cortex.o
 .text.__NVIC_SetPriority
                0x0000000008001970       0x54 ./Drivers/STM32F1xx_HAL_Driver/Src/stm32f1xx_hal_cortex.o
 .text.NVIC_EncodePriority
                0x00000000080019c4       0x64 ./Drivers/STM32F1xx_HAL_Driver/Src/stm32f1xx_hal_cortex.o
 .text.SysTick_Config
                0x0000000008001a28       0x44 ./Drivers/STM32F1xx_HAL_Driver/Src/stm32f1xx_hal_cortex.o
 .text.HAL_NVIC_SetPriorityGrouping
                0x0000000008001a6c       0x16 ./Drivers/STM32F1xx_HAL_Driver/Src/stm32f1xx_hal_cortex.o
                0x0000000008001a6c                HAL_NVIC_SetPriorityGrouping
 .text.HAL_NVIC_SetPriority
                0x0000000008001a82       0x38 ./Drivers/STM32F1xx_HAL_Driver/Src/stm32f1xx_hal_cortex.o
                0x0000000008001a82                HAL_NVIC_SetPriority
 .text.HAL_NVIC_EnableIRQ
                0x0000000008001aba       0x1c ./Drivers/STM32F1xx_HAL_Driver/Src/stm32f1xx_hal_cortex.o
                0x0000000008001aba                HAL_NVIC_EnableIRQ
 .text.HAL_SYSTICK_Config
                0x0000000008001ad6       0x18 ./Drivers/STM32F1xx_HAL_Driver/Src/stm32f1xx_hal_cortex.o
                0x0000000008001ad6                HAL_SYSTICK_Config
 *fill*         0x0000000008001aee        0x2 
 .text.HAL_GPIO_Init
                0x0000000008001af0      0x2f8 ./Drivers/STM32F1xx_HAL_Driver/Src/stm32f1xx_hal_gpio.o
                0x0000000008001af0                HAL_GPIO_Init
 .text.HAL_GPIO_ReadPin
                0x0000000008001de8       0x2e ./Drivers/STM32F1xx_HAL_Driver/Src/stm32f1xx_hal_gpio.o
                0x0000000008001de8                HAL_GPIO_ReadPin
 .text.HAL_GPIO_WritePin
                0x0000000008001e16       0x30 ./Drivers/STM32F1xx_HAL_Driver/Src/stm32f1xx_hal_gpio.o
                0x0000000008001e16                HAL_GPIO_WritePin
 .text.HAL_GPIO_TogglePin
                0x0000000008001e46       0x32 ./Drivers/STM32F1xx_HAL_Driver/Src/stm32f1xx_hal_gpio.o
                0x0000000008001e46                HAL_GPIO_TogglePin
 .text.HAL_RCC_OscConfig
                0x0000000008001e78      0x504 ./Drivers/STM32F1xx_HAL_Driver/Src/stm32f1xx_hal_rcc.o
                0x0000000008001e78                HAL_RCC_OscConfig
 .text.HAL_RCC_ClockConfig
                0x000000000800237c      0x1d4 ./Drivers/STM32F1xx_HAL_Driver/Src/stm32f1xx_hal_rcc.o
                0x000000000800237c                HAL_RCC_ClockConfig
 .text.HAL_RCC_GetSysClockFreq
                0x0000000008002550       0xa8 ./Drivers/STM32F1xx_HAL_Driver/Src/stm32f1xx_hal_rcc.o
                0x0000000008002550                HAL_RCC_GetSysClockFreq
 .text.RCC_Delay
                0x00000000080025f8       0x3c ./Drivers/STM32F1xx_HAL_Driver/Src/stm32f1xx_hal_rcc.o
 .text.HAL_TIM_Base_Init
                0x0000000008002634       0x9e ./Drivers/STM32F1xx_HAL_Driver/Src/stm32f1xx_hal_tim.o
                0x0000000008002634                HAL_TIM_Base_Init
 *fill*         0x00000000080026d2        0x2 
 .text.HAL_TIM_Base_Start_IT
                0x00000000080026d4       0x98 ./Drivers/STM32F1xx_HAL_Driver/Src/stm32f1xx_hal_tim.o
                0x00000000080026d4                HAL_TIM_Base_Start_IT
 .text.HAL_TIM_IRQHandler
                0x000000000800276c      0x210 ./Drivers/STM32F1xx_HAL_Driver/Src/stm32f1xx_hal_tim.o
                0x000000000800276c                HAL_TIM_IRQHandler
 .text.HAL_TIM_ConfigClockSource
                0x000000000800297c      0x18e ./Drivers/STM32F1xx_HAL_Driver/Src/stm32f1xx_hal_tim.o
                0x000000000800297c                HAL_TIM_ConfigClockSource
 .text.HAL_TIM_OC_DelayElapsedCallback
                0x0000000008002b0a       0x12 ./Drivers/STM32F1xx_HAL_Driver/Src/stm32f1xx_hal_tim.o
                0x0000000008002b0a                HAL_TIM_OC_DelayElapsedCallback
 .text.HAL_TIM_IC_CaptureCallback
                0x0000000008002b1c       0x12 ./Drivers/STM32F1xx_HAL_Driver/Src/stm32f1xx_hal_tim.o
                0x0000000008002b1c                HAL_TIM_IC_CaptureCallback
 .text.HAL_TIM_PWM_PulseFinishedCallback
                0x0000000008002b2e       0x12 ./Drivers/STM32F1xx_HAL_Driver/Src/stm32f1xx_hal_tim.o
                0x0000000008002b2e                HAL_TIM_PWM_PulseFinishedCallback
 .text.HAL_TIM_TriggerCallback
                0x0000000008002b40       0x12 ./Drivers/STM32F1xx_HAL_Driver/Src/stm32f1xx_hal_tim.o
                0x0000000008002b40                HAL_TIM_TriggerCallback
 *fill*         0x0000000008002b52        0x2 
 .text.TIM_Base_SetConfig
                0x0000000008002b54       0xb0 ./Drivers/STM32F1xx_HAL_Driver/Src/stm32f1xx_hal_tim.o
                0x0000000008002b54                TIM_Base_SetConfig
 .text.TIM_TI1_ConfigInputStage
                0x0000000008002c04       0x5c ./Drivers/STM32F1xx_HAL_Driver/Src/stm32f1xx_hal_tim.o
 .text.TIM_TI2_ConfigInputStage
                0x0000000008002c60       0x5e ./Drivers/STM32F1xx_HAL_Driver/Src/stm32f1xx_hal_tim.o
 .text.TIM_ITRx_SetConfig
                0x0000000008002cbe       0x34 ./Drivers/STM32F1xx_HAL_Driver/Src/stm32f1xx_hal_tim.o
 .text.TIM_ETR_SetConfig
                0x0000000008002cf2       0x3e ./Drivers/STM32F1xx_HAL_Driver/Src/stm32f1xx_hal_tim.o
                0x0000000008002cf2                TIM_ETR_SetConfig
 .text.HAL_TIMEx_MasterConfigSynchronization
                0x0000000008002d30       0xb0 ./Drivers/STM32F1xx_HAL_Driver/Src/stm32f1xx_hal_tim_ex.o
                0x0000000008002d30                HAL_TIMEx_MasterConfigSynchronization
 .text.HAL_TIMEx_CommutCallback
                0x0000000008002de0       0x12 ./Drivers/STM32F1xx_HAL_Driver/Src/stm32f1xx_hal_tim_ex.o
                0x0000000008002de0                HAL_TIMEx_CommutCallback
 .text.HAL_TIMEx_BreakCallback
                0x0000000008002df2       0x12 ./Drivers/STM32F1xx_HAL_Driver/Src/stm32f1xx_hal_tim_ex.o
                0x0000000008002df2                HAL_TIMEx_BreakCallback
 .text.memset   0x0000000008002e04       0x10 C:/ST/STM32CubeIDE_1.13.1/STM32CubeIDE/plugins/com.st.stm32cube.ide.mcu.externaltools.gnu-tools-for-stm32.11.3.rel1.win32_1.1.0.202305231506/tools/bin/../lib/gcc/arm-none-eabi/11.3.1/../../../../arm-none-eabi/lib/thumb/v7-m/nofp\libc_nano.a(libc_a-memset.o)
                0x0000000008002e04                memset
 .text.__libc_init_array
                0x0000000008002e14       0x48 C:/ST/STM32CubeIDE_1.13.1/STM32CubeIDE/plugins/com.st.stm32cube.ide.mcu.externaltools.gnu-tools-for-stm32.11.3.rel1.win32_1.1.0.202305231506/tools/bin/../lib/gcc/arm-none-eabi/11.3.1/../../../../arm-none-eabi/lib/thumb/v7-m/nofp\libc_nano.a(libc_a-init.o)
                0x0000000008002e14                __libc_init_array
 *(.glue_7)
 .glue_7        0x0000000008002e5c        0x0 linker stubs
 *(.glue_7t)
 .glue_7t       0x0000000008002e5c        0x0 linker stubs
 *(.eh_frame)
 .eh_frame      0x0000000008002e5c        0x0 C:/ST/STM32CubeIDE_1.13.1/STM32CubeIDE/plugins/com.st.stm32cube.ide.mcu.externaltools.gnu-tools-for-stm32.11.3.rel1.win32_1.1.0.202305231506/tools/bin/../lib/gcc/arm-none-eabi/11.3.1/thumb/v7-m/nofp/crtbegin.o
 *(.init)
 .init          0x0000000008002e5c        0x4 C:/ST/STM32CubeIDE_1.13.1/STM32CubeIDE/plugins/com.st.stm32cube.ide.mcu.externaltools.gnu-tools-for-stm32.11.3.rel1.win32_1.1.0.202305231506/tools/bin/../lib/gcc/arm-none-eabi/11.3.1/thumb/v7-m/nofp/crti.o
                0x0000000008002e5c                _init
 .init          0x0000000008002e60        0x8 C:/ST/STM32CubeIDE_1.13.1/STM32CubeIDE/plugins/com.st.stm32cube.ide.mcu.externaltools.gnu-tools-for-stm32.11.3.rel1.win32_1.1.0.202305231506/tools/bin/../lib/gcc/arm-none-eabi/11.3.1/thumb/v7-m/nofp/crtn.o
 *(.fini)
 .fini          0x0000000008002e68        0x4 C:/ST/STM32CubeIDE_1.13.1/STM32CubeIDE/plugins/com.st.stm32cube.ide.mcu.externaltools.gnu-tools-for-stm32.11.3.rel1.win32_1.1.0.202305231506/tools/bin/../lib/gcc/arm-none-eabi/11.3.1/thumb/v7-m/nofp/crti.o
                0x0000000008002e68                _fini
 .fini          0x0000000008002e6c        0x8 C:/ST/STM32CubeIDE_1.13.1/STM32CubeIDE/plugins/com.st.stm32cube.ide.mcu.externaltools.gnu-tools-for-stm32.11.3.rel1.win32_1.1.0.202305231506/tools/bin/../lib/gcc/arm-none-eabi/11.3.1/thumb/v7-m/nofp/crtn.o
                0x0000000008002e74                . = ALIGN (0x4)
                0x0000000008002e74                _etext = .

.vfp11_veneer   0x0000000008002e74        0x0
 .vfp11_veneer  0x0000000008002e74        0x0 linker stubs

.v4_bx          0x0000000008002e74        0x0
 .v4_bx         0x0000000008002e74        0x0 linker stubs

.iplt           0x0000000008002e74        0x0
 .iplt          0x0000000008002e74        0x0 C:/ST/STM32CubeIDE_1.13.1/STM32CubeIDE/plugins/com.st.stm32cube.ide.mcu.externaltools.gnu-tools-for-stm32.11.3.rel1.win32_1.1.0.202305231506/tools/bin/../lib/gcc/arm-none-eabi/11.3.1/thumb/v7-m/nofp/crtbegin.o

.rodata         0x0000000008002e74       0x24
                0x0000000008002e74                . = ALIGN (0x4)
 *(.rodata)
 *(.rodata*)
 .rodata.AHBPrescTable
                0x0000000008002e74       0x10 ./Core/Src/system_stm32f1xx.o
                0x0000000008002e74                AHBPrescTable
 .rodata.aPLLMULFactorTable.1
                0x0000000008002e84       0x10 ./Drivers/STM32F1xx_HAL_Driver/Src/stm32f1xx_hal_rcc.o
 .rodata.aPredivFactorTable.0
                0x0000000008002e94        0x2 ./Drivers/STM32F1xx_HAL_Driver/Src/stm32f1xx_hal_rcc.o
                0x0000000008002e98                . = ALIGN (0x4)
 *fill*         0x0000000008002e96        0x2 

.rel.dyn        0x0000000008002e98        0x0
 .rel.iplt      0x0000000008002e98        0x0 C:/ST/STM32CubeIDE_1.13.1/STM32CubeIDE/plugins/com.st.stm32cube.ide.mcu.externaltools.gnu-tools-for-stm32.11.3.rel1.win32_1.1.0.202305231506/tools/bin/../lib/gcc/arm-none-eabi/11.3.1/thumb/v7-m/nofp/crtbegin.o

.ARM.extab      0x0000000008002e98        0x0
                0x0000000008002e98                . = ALIGN (0x4)
 *(.ARM.extab* .gnu.linkonce.armextab.*)
                0x0000000008002e98                . = ALIGN (0x4)

.ARM            0x0000000008002e98        0x0
                0x0000000008002e98                . = ALIGN (0x4)
                0x0000000008002e98                __exidx_start = .
 *(.ARM.exidx*)
                0x0000000008002e98                __exidx_end = .
                0x0000000008002e98                . = ALIGN (0x4)

.preinit_array  0x0000000008002e98        0x0
                0x0000000008002e98                . = ALIGN (0x4)
                0x0000000008002e98                PROVIDE (__preinit_array_start = .)
 *(.preinit_array*)
                0x0000000008002e98                PROVIDE (__preinit_array_end = .)
                0x0000000008002e98                . = ALIGN (0x4)

.init_array     0x0000000008002e98        0x4
                0x0000000008002e98                . = ALIGN (0x4)
                0x0000000008002e98                PROVIDE (__init_array_start = .)
 *(SORT_BY_NAME(.init_array.*))
 *(.init_array*)
 .init_array    0x0000000008002e98        0x4 C:/ST/STM32CubeIDE_1.13.1/STM32CubeIDE/plugins/com.st.stm32cube.ide.mcu.externaltools.gnu-tools-for-stm32.11.3.rel1.win32_1.1.0.202305231506/tools/bin/../lib/gcc/arm-none-eabi/11.3.1/thumb/v7-m/nofp/crtbegin.o
                0x0000000008002e9c                PROVIDE (__init_array_end = .)
                0x0000000008002e9c                . = ALIGN (0x4)

.fini_array     0x0000000008002e9c        0x4
                0x0000000008002e9c                . = ALIGN (0x4)
                [!provide]                        PROVIDE (__fini_array_start = .)
 *(SORT_BY_NAME(.fini_array.*))
 *(.fini_array*)
 .fini_array    0x0000000008002e9c        0x4 C:/ST/STM32CubeIDE_1.13.1/STM32CubeIDE/plugins/com.st.stm32cube.ide.mcu.externaltools.gnu-tools-for-stm32.11.3.rel1.win32_1.1.0.202305231506/tools/bin/../lib/gcc/arm-none-eabi/11.3.1/thumb/v7-m/nofp/crtbegin.o
                [!provide]                        PROVIDE (__fini_array_end = .)
                0x0000000008002ea0                . = ALIGN (0x4)
                0x0000000008002ea0                _sidata = LOADADDR (.data)

.data           0x0000000020000000       0x34 load address 0x0000000008002ea0
                0x0000000020000000                . = ALIGN (0x4)
                0x0000000020000000                _sdata = .
 *(.data)
 *(.data*)
 .data.gpio_pin
                0x0000000020000000        0x6 ./Core/Src/button.o
                0x0000000020000000                gpio_pin
 *fill*         0x0000000020000006        0x2 
 .data.gpio_port
                0x0000000020000008        0xc ./Core/Src/button.o
                0x0000000020000008                gpio_port
 .data.tmp_red  0x0000000020000014        0x4 ./Core/Src/fsm_automatic.o
                0x0000000020000014                tmp_red
 .data.tmp_yellow
                0x0000000020000018        0x4 ./Core/Src/fsm_automatic.o
                0x0000000020000018                tmp_yellow
 .data.tmp_green
                0x000000002000001c        0x4 ./Core/Src/fsm_automatic.o
                0x000000002000001c                tmp_green
 .data.status   0x0000000020000020        0x4 ./Core/Src/global.o
                0x0000000020000020                status
 .data.tick     0x0000000020000024        0x4 ./Core/Src/software_timer.o
                0x0000000020000024                tick
 .data.SystemCoreClock
                0x0000000020000028        0x4 ./Core/Src/system_stm32f1xx.o
                0x0000000020000028                SystemCoreClock
 .data.uwTickPrio
                0x000000002000002c        0x4 ./Drivers/STM32F1xx_HAL_Driver/Src/stm32f1xx_hal.o
                0x000000002000002c                uwTickPrio
 .data.uwTickFreq
                0x0000000020000030        0x1 ./Drivers/STM32F1xx_HAL_Driver/Src/stm32f1xx_hal.o
                0x0000000020000030                uwTickFreq
 *(.RamFunc)
 *(.RamFunc*)
                0x0000000020000034                . = ALIGN (0x4)
 *fill*         0x0000000020000031        0x3 
                0x0000000020000034                _edata = .

.igot.plt       0x0000000020000034        0x0 load address 0x0000000008002ed4
 .igot.plt      0x0000000020000034        0x0 C:/ST/STM32CubeIDE_1.13.1/STM32CubeIDE/plugins/com.st.stm32cube.ide.mcu.externaltools.gnu-tools-for-stm32.11.3.rel1.win32_1.1.0.202305231506/tools/bin/../lib/gcc/arm-none-eabi/11.3.1/thumb/v7-m/nofp/crtbegin.o
                0x0000000020000034                . = ALIGN (0x4)

.bss            0x0000000020000034       0xe0 load address 0x0000000008002ed4
                0x0000000020000034                _sbss = .
                0x0000000020000034                __bss_start__ = _sbss
 *(.bss)
 .bss           0x0000000020000034       0x1c C:/ST/STM32CubeIDE_1.13.1/STM32CubeIDE/plugins/com.st.stm32cube.ide.mcu.externaltools.gnu-tools-for-stm32.11.3.rel1.win32_1.1.0.202305231506/tools/bin/../lib/gcc/arm-none-eabi/11.3.1/thumb/v7-m/nofp/crtbegin.o
 *(.bss*)
 .bss.KeyReg0   0x0000000020000050        0xc ./Core/Src/button.o
                0x0000000020000050                KeyReg0
 .bss.KeyReg1   0x000000002000005c        0xc ./Core/Src/button.o
                0x000000002000005c                KeyReg1
 .bss.KeyReg2   0x0000000020000068        0xc ./Core/Src/button.o
                0x0000000020000068                KeyReg2
 .bss.KeyReg3   0x0000000020000074        0xc ./Core/Src/button.o
                0x0000000020000074                KeyReg3
 .bss.TimeOutForKeyPress
                0x0000000020000080        0xc ./Core/Src/button.o
                0x0000000020000080                TimeOutForKeyPress
 .bss.button_flag
                0x000000002000008c        0xc ./Core/Src/button.o
                0x000000002000008c                button_flag
 .bss.red_time  0x0000000020000098        0x4 ./Core/Src/fsm_automatic.o
                0x0000000020000098                red_time
 .bss.yellow_time
                0x000000002000009c        0x4 ./Core/Src/fsm_automatic.o
                0x000000002000009c                yellow_time
 .bss.green_time
                0x00000000200000a0        0x4 ./Core/Src/fsm_automatic.o
                0x00000000200000a0                green_time
 .bss.enable_trigger
                0x00000000200000a4        0x4 ./Core/Src/fsm_automatic.o
                0x00000000200000a4                enable_trigger
 .bss.htim2     0x00000000200000a8       0x48 ./Core/Src/main.o
                0x00000000200000a8                htim2
 .bss.timer_counter1
                0x00000000200000f0        0x4 ./Core/Src/software_timer.o
                0x00000000200000f0                timer_counter1
 .bss.timer_counter
                0x00000000200000f4        0xc ./Core/Src/software_timer.o
                0x00000000200000f4                timer_counter
 .bss.timer_flag
                0x0000000020000100        0xc ./Core/Src/software_timer.o
                0x0000000020000100                timer_flag
 .bss.timer_flag1
                0x000000002000010c        0x4 ./Core/Src/software_timer.o
                0x000000002000010c                timer_flag1
 .bss.uwTick    0x0000000020000110        0x4 ./Drivers/STM32F1xx_HAL_Driver/Src/stm32f1xx_hal.o
                0x0000000020000110                uwTick
 *(COMMON)
                0x0000000020000114                . = ALIGN (0x4)
                0x0000000020000114                _ebss = .
                0x0000000020000114                __bss_end__ = _ebss

._user_heap_stack
                0x0000000020000114      0x604 load address 0x0000000008002ed4
                0x0000000020000118                . = ALIGN (0x8)
 *fill*         0x0000000020000114        0x4 
                [!provide]                        PROVIDE (end = .)
                0x0000000020000118                PROVIDE (_end = .)
                0x0000000020000318                . = (. + _Min_Heap_Size)
 *fill*         0x0000000020000118      0x200 
                0x0000000020000718                . = (. + _Min_Stack_Size)
 *fill*         0x0000000020000318      0x400 
                0x0000000020000718                . = ALIGN (0x8)

/DISCARD/
 libc.a(*)
 libm.a(*)
 libgcc.a(*)

.ARM.attributes
                0x0000000000000000       0x29
 *(.ARM.attributes)
 .ARM.attributes
                0x0000000000000000       0x1d C:/ST/STM32CubeIDE_1.13.1/STM32CubeIDE/plugins/com.st.stm32cube.ide.mcu.externaltools.gnu-tools-for-stm32.11.3.rel1.win32_1.1.0.202305231506/tools/bin/../lib/gcc/arm-none-eabi/11.3.1/thumb/v7-m/nofp/crti.o
 .ARM.attributes
                0x000000000000001d       0x2d C:/ST/STM32CubeIDE_1.13.1/STM32CubeIDE/plugins/com.st.stm32cube.ide.mcu.externaltools.gnu-tools-for-stm32.11.3.rel1.win32_1.1.0.202305231506/tools/bin/../lib/gcc/arm-none-eabi/11.3.1/thumb/v7-m/nofp/crtbegin.o
 .ARM.attributes
                0x000000000000004a       0x2d ./Core/Src/button.o
 .ARM.attributes
                0x0000000000000077       0x2d ./Core/Src/fsm_automatic.o
 .ARM.attributes
                0x00000000000000a4       0x2d ./Core/Src/fsm_manual.o
 .ARM.attributes
                0x00000000000000d1       0x2d ./Core/Src/global.o
 .ARM.attributes
                0x00000000000000fe       0x2d ./Core/Src/led.o
 .ARM.attributes
                0x000000000000012b       0x2d ./Core/Src/main.o
 .ARM.attributes
                0x0000000000000158       0x2d ./Core/Src/software_timer.o
 .ARM.attributes
                0x0000000000000185       0x2d ./Core/Src/stm32f1xx_hal_msp.o
 .ARM.attributes
                0x00000000000001b2       0x2d ./Core/Src/stm32f1xx_it.o
 .ARM.attributes
                0x00000000000001df       0x2d ./Core/Src/system_stm32f1xx.o
 .ARM.attributes
                0x000000000000020c       0x21 ./Core/Startup/startup_stm32f103c6tx.o
 .ARM.attributes
                0x000000000000022d       0x2d ./Drivers/STM32F1xx_HAL_Driver/Src/stm32f1xx_hal.o
 .ARM.attributes
                0x000000000000025a       0x2d ./Drivers/STM32F1xx_HAL_Driver/Src/stm32f1xx_hal_cortex.o
 .ARM.attributes
                0x0000000000000287       0x2d ./Drivers/STM32F1xx_HAL_Driver/Src/stm32f1xx_hal_gpio.o
 .ARM.attributes
                0x00000000000002b4       0x2d ./Drivers/STM32F1xx_HAL_Driver/Src/stm32f1xx_hal_rcc.o
 .ARM.attributes
                0x00000000000002e1       0x2d ./Drivers/STM32F1xx_HAL_Driver/Src/stm32f1xx_hal_tim.o
 .ARM.attributes
                0x000000000000030e       0x2d ./Drivers/STM32F1xx_HAL_Driver/Src/stm32f1xx_hal_tim_ex.o
 .ARM.attributes
                0x000000000000033b       0x2d C:/ST/STM32CubeIDE_1.13.1/STM32CubeIDE/plugins/com.st.stm32cube.ide.mcu.externaltools.gnu-tools-for-stm32.11.3.rel1.win32_1.1.0.202305231506/tools/bin/../lib/gcc/arm-none-eabi/11.3.1/../../../../arm-none-eabi/lib/thumb/v7-m/nofp\libc_nano.a(libc_a-memset.o)
 .ARM.attributes
                0x0000000000000368       0x2d C:/ST/STM32CubeIDE_1.13.1/STM32CubeIDE/plugins/com.st.stm32cube.ide.mcu.externaltools.gnu-tools-for-stm32.11.3.rel1.win32_1.1.0.202305231506/tools/bin/../lib/gcc/arm-none-eabi/11.3.1/../../../../arm-none-eabi/lib/thumb/v7-m/nofp\libc_nano.a(libc_a-init.o)
 .ARM.attributes
                0x0000000000000395       0x1d C:/ST/STM32CubeIDE_1.13.1/STM32CubeIDE/plugins/com.st.stm32cube.ide.mcu.externaltools.gnu-tools-for-stm32.11.3.rel1.win32_1.1.0.202305231506/tools/bin/../lib/gcc/arm-none-eabi/11.3.1/thumb/v7-m/nofp/crtn.o
OUTPUT(STM32_LAB3.elf elf32-littlearm)
LOAD linker stubs
LOAD C:/ST/STM32CubeIDE_1.13.1/STM32CubeIDE/plugins/com.st.stm32cube.ide.mcu.externaltools.gnu-tools-for-stm32.11.3.rel1.win32_1.1.0.202305231506/tools/bin/../lib/gcc/arm-none-eabi/11.3.1/../../../../arm-none-eabi/lib/thumb/v7-m/nofp\libc.a
LOAD C:/ST/STM32CubeIDE_1.13.1/STM32CubeIDE/plugins/com.st.stm32cube.ide.mcu.externaltools.gnu-tools-for-stm32.11.3.rel1.win32_1.1.0.202305231506/tools/bin/../lib/gcc/arm-none-eabi/11.3.1/../../../../arm-none-eabi/lib/thumb/v7-m/nofp\libm.a
LOAD C:/ST/STM32CubeIDE_1.13.1/STM32CubeIDE/plugins/com.st.stm32cube.ide.mcu.externaltools.gnu-tools-for-stm32.11.3.rel1.win32_1.1.0.202305231506/tools/bin/../lib/gcc/arm-none-eabi/11.3.1/thumb/v7-m/nofp\libgcc.a

.comment        0x0000000000000000       0x43
 .comment       0x0000000000000000       0x43 C:/ST/STM32CubeIDE_1.13.1/STM32CubeIDE/plugins/com.st.stm32cube.ide.mcu.externaltools.gnu-tools-for-stm32.11.3.rel1.win32_1.1.0.202305231506/tools/bin/../lib/gcc/arm-none-eabi/11.3.1/thumb/v7-m/nofp/crtbegin.o
                                         0x44 (size before relaxing)
 .comment       0x0000000000000043       0x44 ./Core/Src/button.o
 .comment       0x0000000000000043       0x44 ./Core/Src/fsm_automatic.o
 .comment       0x0000000000000043       0x44 ./Core/Src/fsm_manual.o
 .comment       0x0000000000000043       0x44 ./Core/Src/global.o
 .comment       0x0000000000000043       0x44 ./Core/Src/led.o
 .comment       0x0000000000000043       0x44 ./Core/Src/main.o
 .comment       0x0000000000000043       0x44 ./Core/Src/software_timer.o
 .comment       0x0000000000000043       0x44 ./Core/Src/stm32f1xx_hal_msp.o
 .comment       0x0000000000000043       0x44 ./Core/Src/stm32f1xx_it.o
 .comment       0x0000000000000043       0x44 ./Core/Src/system_stm32f1xx.o
 .comment       0x0000000000000043       0x44 ./Drivers/STM32F1xx_HAL_Driver/Src/stm32f1xx_hal.o
 .comment       0x0000000000000043       0x44 ./Drivers/STM32F1xx_HAL_Driver/Src/stm32f1xx_hal_cortex.o
 .comment       0x0000000000000043       0x44 ./Drivers/STM32F1xx_HAL_Driver/Src/stm32f1xx_hal_gpio.o
 .comment       0x0000000000000043       0x44 ./Drivers/STM32F1xx_HAL_Driver/Src/stm32f1xx_hal_rcc.o
 .comment       0x0000000000000043       0x44 ./Drivers/STM32F1xx_HAL_Driver/Src/stm32f1xx_hal_tim.o
 .comment       0x0000000000000043       0x44 ./Drivers/STM32F1xx_HAL_Driver/Src/stm32f1xx_hal_tim_ex.o

.debug_info     0x0000000000000000     0x87a0
 .debug_info    0x0000000000000000      0x2c3 ./Core/Src/button.o
 .debug_info    0x00000000000002c3      0x3ef ./Core/Src/fsm_automatic.o
 .debug_info    0x00000000000006b2      0x1d7 ./Core/Src/fsm_manual.o
 .debug_info    0x0000000000000889       0x8a ./Core/Src/global.o
 .debug_info    0x0000000000000913      0x29d ./Core/Src/led.o
 .debug_info    0x0000000000000bb0      0xbda ./Core/Src/main.o
 .debug_info    0x000000000000178a      0x171 ./Core/Src/software_timer.o
 .debug_info    0x00000000000018fb      0x91a ./Core/Src/stm32f1xx_hal_msp.o
 .debug_info    0x0000000000002215      0x6a1 ./Core/Src/stm32f1xx_it.o
 .debug_info    0x00000000000028b6      0x222 ./Core/Src/system_stm32f1xx.o
 .debug_info    0x0000000000002ad8       0x23 ./Core/Startup/startup_stm32f103c6tx.o
 .debug_info    0x0000000000002afb      0x6e6 ./Drivers/STM32F1xx_HAL_Driver/Src/stm32f1xx_hal.o
 .debug_info    0x00000000000031e1      0xa69 ./Drivers/STM32F1xx_HAL_Driver/Src/stm32f1xx_hal_cortex.o
 .debug_info    0x0000000000003c4a      0x5ab ./Drivers/STM32F1xx_HAL_Driver/Src/stm32f1xx_hal_gpio.o
 .debug_info    0x00000000000041f5      0x7d5 ./Drivers/STM32F1xx_HAL_Driver/Src/stm32f1xx_hal_rcc.o
 .debug_info    0x00000000000049ca     0x293b ./Drivers/STM32F1xx_HAL_Driver/Src/stm32f1xx_hal_tim.o
 .debug_info    0x0000000000007305     0x149b ./Drivers/STM32F1xx_HAL_Driver/Src/stm32f1xx_hal_tim_ex.o

.debug_abbrev   0x0000000000000000     0x1c5d
 .debug_abbrev  0x0000000000000000      0x1a7 ./Core/Src/button.o
 .debug_abbrev  0x00000000000001a7      0x1c7 ./Core/Src/fsm_automatic.o
 .debug_abbrev  0x000000000000036e       0xdb ./Core/Src/fsm_manual.o
 .debug_abbrev  0x0000000000000449       0x4a ./Core/Src/global.o
 .debug_abbrev  0x0000000000000493      0x142 ./Core/Src/led.o
 .debug_abbrev  0x00000000000005d5      0x2b2 ./Core/Src/main.o
 .debug_abbrev  0x0000000000000887       0xd8 ./Core/Src/software_timer.o
 .debug_abbrev  0x000000000000095f      0x1ad ./Core/Src/stm32f1xx_hal_msp.o
 .debug_abbrev  0x0000000000000b0c      0x191 ./Core/Src/stm32f1xx_it.o
 .debug_abbrev  0x0000000000000c9d      0x13f ./Core/Src/system_stm32f1xx.o
 .debug_abbrev  0x0000000000000ddc       0x12 ./Core/Startup/startup_stm32f103c6tx.o
 .debug_abbrev  0x0000000000000dee      0x201 ./Drivers/STM32F1xx_HAL_Driver/Src/stm32f1xx_hal.o
 .debug_abbrev  0x0000000000000fef      0x2f8 ./Drivers/STM32F1xx_HAL_Driver/Src/stm32f1xx_hal_cortex.o
 .debug_abbrev  0x00000000000012e7      0x1ca ./Drivers/STM32F1xx_HAL_Driver/Src/stm32f1xx_hal_gpio.o
 .debug_abbrev  0x00000000000014b1      0x2b3 ./Drivers/STM32F1xx_HAL_Driver/Src/stm32f1xx_hal_rcc.o
 .debug_abbrev  0x0000000000001764      0x277 ./Drivers/STM32F1xx_HAL_Driver/Src/stm32f1xx_hal_tim.o
 .debug_abbrev  0x00000000000019db      0x282 ./Drivers/STM32F1xx_HAL_Driver/Src/stm32f1xx_hal_tim_ex.o

.debug_aranges  0x0000000000000000      0xab0
 .debug_aranges
                0x0000000000000000       0x38 ./Core/Src/button.o
 .debug_aranges
                0x0000000000000038       0x48 ./Core/Src/fsm_automatic.o
 .debug_aranges
                0x0000000000000080       0x38 ./Core/Src/fsm_manual.o
 .debug_aranges
                0x00000000000000b8       0x18 ./Core/Src/global.o
 .debug_aranges
                0x00000000000000d0       0x78 ./Core/Src/led.o
 .debug_aranges
                0x0000000000000148       0x48 ./Core/Src/main.o
 .debug_aranges
                0x0000000000000190       0x38 ./Core/Src/software_timer.o
 .debug_aranges
                0x00000000000001c8       0x30 ./Core/Src/stm32f1xx_hal_msp.o
 .debug_aranges
                0x00000000000001f8       0x68 ./Core/Src/stm32f1xx_it.o
 .debug_aranges
                0x0000000000000260       0x28 ./Core/Src/system_stm32f1xx.o
 .debug_aranges
                0x0000000000000288       0x28 ./Core/Startup/startup_stm32f103c6tx.o
 .debug_aranges
                0x00000000000002b0       0xe0 ./Drivers/STM32F1xx_HAL_Driver/Src/stm32f1xx_hal.o
 .debug_aranges
                0x0000000000000390      0x100 ./Drivers/STM32F1xx_HAL_Driver/Src/stm32f1xx_hal_cortex.o
 .debug_aranges
                0x0000000000000490       0x58 ./Drivers/STM32F1xx_HAL_Driver/Src/stm32f1xx_hal_gpio.o
 .debug_aranges
                0x00000000000004e8       0x90 ./Drivers/STM32F1xx_HAL_Driver/Src/stm32f1xx_hal_rcc.o
 .debug_aranges
                0x0000000000000578      0x3d0 ./Drivers/STM32F1xx_HAL_Driver/Src/stm32f1xx_hal_tim.o
 .debug_aranges
                0x0000000000000948      0x168 ./Drivers/STM32F1xx_HAL_Driver/Src/stm32f1xx_hal_tim_ex.o

.debug_rnglists
                0x0000000000000000      0x813
 .debug_rnglists
                0x0000000000000000       0x26 ./Core/Src/button.o
 .debug_rnglists
                0x0000000000000026       0x33 ./Core/Src/fsm_automatic.o
 .debug_rnglists
                0x0000000000000059       0x28 ./Core/Src/fsm_manual.o
 .debug_rnglists
                0x0000000000000081       0x57 ./Core/Src/led.o
 .debug_rnglists
                0x00000000000000d8       0x33 ./Core/Src/main.o
 .debug_rnglists
                0x000000000000010b       0x25 ./Core/Src/software_timer.o
 .debug_rnglists
                0x0000000000000130       0x1f ./Core/Src/stm32f1xx_hal_msp.o
 .debug_rnglists
                0x000000000000014f       0x49 ./Core/Src/stm32f1xx_it.o
 .debug_rnglists
                0x0000000000000198       0x1a ./Core/Src/system_stm32f1xx.o
 .debug_rnglists
                0x00000000000001b2       0x19 ./Core/Startup/startup_stm32f103c6tx.o
 .debug_rnglists
                0x00000000000001cb       0xa3 ./Drivers/STM32F1xx_HAL_Driver/Src/stm32f1xx_hal.o
 .debug_rnglists
                0x000000000000026e       0xbb ./Drivers/STM32F1xx_HAL_Driver/Src/stm32f1xx_hal_cortex.o
 .debug_rnglists
                0x0000000000000329       0x3f ./Drivers/STM32F1xx_HAL_Driver/Src/stm32f1xx_hal_gpio.o
 .debug_rnglists
                0x0000000000000368       0x6c ./Drivers/STM32F1xx_HAL_Driver/Src/stm32f1xx_hal_rcc.o
 .debug_rnglists
                0x00000000000003d4      0x31a ./Drivers/STM32F1xx_HAL_Driver/Src/stm32f1xx_hal_tim.o
 .debug_rnglists
                0x00000000000006ee      0x125 ./Drivers/STM32F1xx_HAL_Driver/Src/stm32f1xx_hal_tim_ex.o

.debug_macro    0x0000000000000000    0x16f73
 .debug_macro   0x0000000000000000      0x1fa ./Core/Src/button.o
 .debug_macro   0x00000000000001fa      0xa9c ./Core/Src/button.o
 .debug_macro   0x0000000000000c96      0x215 ./Core/Src/button.o
 .debug_macro   0x0000000000000eab       0x2e ./Core/Src/button.o
 .debug_macro   0x0000000000000ed9       0x22 ./Core/Src/button.o
 .debug_macro   0x0000000000000efb       0x22 ./Core/Src/button.o
 .debug_macro   0x0000000000000f1d       0x8e ./Core/Src/button.o
 .debug_macro   0x0000000000000fab       0x51 ./Core/Src/button.o
 .debug_macro   0x0000000000000ffc      0x103 ./Core/Src/button.o
 .debug_macro   0x00000000000010ff       0x6a ./Core/Src/button.o
 .debug_macro   0x0000000000001169      0x1df ./Core/Src/button.o
 .debug_macro   0x0000000000001348       0x1c ./Core/Src/button.o
 .debug_macro   0x0000000000001364       0x22 ./Core/Src/button.o
 .debug_macro   0x0000000000001386       0xbd ./Core/Src/button.o
 .debug_macro   0x0000000000001443      0xd23 ./Core/Src/button.o
 .debug_macro   0x0000000000002166     0xde75 ./Core/Src/button.o
 .debug_macro   0x000000000000ffdb       0x6d ./Core/Src/button.o
 .debug_macro   0x0000000000010048     0x348d ./Core/Src/button.o
 .debug_macro   0x00000000000134d5      0x174 ./Core/Src/button.o
 .debug_macro   0x0000000000013649       0x5c ./Core/Src/button.o
 .debug_macro   0x00000000000136a5      0x5bc ./Core/Src/button.o
 .debug_macro   0x0000000000013c61      0x1b7 ./Core/Src/button.o
 .debug_macro   0x0000000000013e18      0x1cb ./Core/Src/button.o
 .debug_macro   0x0000000000013fe3      0x114 ./Core/Src/button.o
 .debug_macro   0x00000000000140f7      0x1b2 ./Core/Src/button.o
 .debug_macro   0x00000000000142a9       0x27 ./Core/Src/button.o
 .debug_macro   0x00000000000142d0      0x12f ./Core/Src/button.o
 .debug_macro   0x00000000000143ff      0x1bc ./Core/Src/button.o
 .debug_macro   0x00000000000145bb       0x34 ./Core/Src/button.o
 .debug_macro   0x00000000000145ef       0x3c ./Core/Src/button.o
 .debug_macro   0x000000000001462b       0x57 ./Core/Src/button.o
 .debug_macro   0x0000000000014682       0x87 ./Core/Src/button.o
 .debug_macro   0x0000000000014709      0x183 ./Core/Src/button.o
 .debug_macro   0x000000000001488c      0x140 ./Core/Src/button.o
 .debug_macro   0x00000000000149cc      0x8ed ./Core/Src/button.o
 .debug_macro   0x00000000000152b9       0x69 ./Core/Src/button.o
 .debug_macro   0x0000000000015322      0x148 ./Core/Src/button.o
 .debug_macro   0x000000000001546a       0x34 ./Core/Src/button.o
 .debug_macro   0x000000000001549e       0x10 ./Core/Src/button.o
 .debug_macro   0x00000000000154ae      0x1ee ./Core/Src/fsm_automatic.o
 .debug_macro   0x000000000001569c       0x16 ./Core/Src/fsm_automatic.o
 .debug_macro   0x00000000000156b2      0x1ee ./Core/Src/fsm_manual.o
 .debug_macro   0x00000000000158a0      0x1ea ./Core/Src/global.o
 .debug_macro   0x0000000000015a8a      0x1ee ./Core/Src/led.o
 .debug_macro   0x0000000000015c78      0x1ee ./Core/Src/main.o
 .debug_macro   0x0000000000015e66      0x1f4 ./Core/Src/software_timer.o
 .debug_macro   0x000000000001605a      0x1a6 ./Core/Src/stm32f1xx_hal_msp.o
 .debug_macro   0x0000000000016200      0x1b0 ./Core/Src/stm32f1xx_it.o
 .debug_macro   0x00000000000163b0      0x197 ./Core/Src/system_stm32f1xx.o
 .debug_macro   0x0000000000016547      0x1bb ./Drivers/STM32F1xx_HAL_Driver/Src/stm32f1xx_hal.o
 .debug_macro   0x0000000000016702      0x197 ./Drivers/STM32F1xx_HAL_Driver/Src/stm32f1xx_hal_cortex.o
 .debug_macro   0x0000000000016899      0x202 ./Drivers/STM32F1xx_HAL_Driver/Src/stm32f1xx_hal_gpio.o
 .debug_macro   0x0000000000016a9b      0x1a9 ./Drivers/STM32F1xx_HAL_Driver/Src/stm32f1xx_hal_rcc.o
 .debug_macro   0x0000000000016c44      0x198 ./Drivers/STM32F1xx_HAL_Driver/Src/stm32f1xx_hal_tim.o
 .debug_macro   0x0000000000016ddc      0x197 ./Drivers/STM32F1xx_HAL_Driver/Src/stm32f1xx_hal_tim_ex.o

.debug_line     0x0000000000000000     0xca98
 .debug_line    0x0000000000000000      0x82b ./Core/Src/button.o
 .debug_line    0x000000000000082b      0x90a ./Core/Src/fsm_automatic.o
 .debug_line    0x0000000000001135      0x8cf ./Core/Src/fsm_manual.o
 .debug_line    0x0000000000001a04      0x719 ./Core/Src/global.o
 .debug_line    0x000000000000211d      0x904 ./Core/Src/led.o
 .debug_line    0x0000000000002a21      0x86b ./Core/Src/main.o
 .debug_line    0x000000000000328c      0x7aa ./Core/Src/software_timer.o
 .debug_line    0x0000000000003a36      0x721 ./Core/Src/stm32f1xx_hal_msp.o
 .debug_line    0x0000000000004157      0x7bf ./Core/Src/stm32f1xx_it.o
 .debug_line    0x0000000000004916      0x763 ./Core/Src/system_stm32f1xx.o
 .debug_line    0x0000000000005079       0x78 ./Core/Startup/startup_stm32f103c6tx.o
 .debug_line    0x00000000000050f1      0x990 ./Drivers/STM32F1xx_HAL_Driver/Src/stm32f1xx_hal.o
 .debug_line    0x0000000000005a81      0xb78 ./Drivers/STM32F1xx_HAL_Driver/Src/stm32f1xx_hal_cortex.o
 .debug_line    0x00000000000065f9      0xa14 ./Drivers/STM32F1xx_HAL_Driver/Src/stm32f1xx_hal_gpio.o
 .debug_line    0x000000000000700d      0xd99 ./Drivers/STM32F1xx_HAL_Driver/Src/stm32f1xx_hal_rcc.o
 .debug_line    0x0000000000007da6     0x3433 ./Drivers/STM32F1xx_HAL_Driver/Src/stm32f1xx_hal_tim.o
 .debug_line    0x000000000000b1d9     0x18bf ./Drivers/STM32F1xx_HAL_Driver/Src/stm32f1xx_hal_tim_ex.o

.debug_str      0x0000000000000000    0x82550
 .debug_str     0x0000000000000000    0x7f8bf ./Core/Src/button.o
                                      0x7fc02 (size before relaxing)
 .debug_str     0x000000000007f8bf      0x1ac ./Core/Src/fsm_automatic.o
                                      0x7fce3 (size before relaxing)
 .debug_str     0x000000000007fa6b       0x88 ./Core/Src/fsm_manual.o
                                      0x7fbdc (size before relaxing)
 .debug_str     0x000000000007faf3       0x15 ./Core/Src/global.o
                                      0x7fadd (size before relaxing)
 .debug_str     0x000000000007fb08       0x25 ./Core/Src/led.o
                                      0x7fc40 (size before relaxing)
 .debug_str     0x000000000007fb2d      0x7a9 ./Core/Src/main.o
                                      0x803e2 (size before relaxing)
 .debug_str     0x00000000000802d6       0x52 ./Core/Src/software_timer.o
                                      0x7fb4d (size before relaxing)
 .debug_str     0x0000000000080328      0x300 ./Core/Src/stm32f1xx_hal_msp.o
                                      0x80240 (size before relaxing)
 .debug_str     0x0000000000080628       0xec ./Core/Src/stm32f1xx_it.o
                                      0x7ff7b (size before relaxing)
 .debug_str     0x0000000000080714       0x88 ./Core/Src/system_stm32f1xx.o
                                      0x7f642 (size before relaxing)
 .debug_str     0x000000000008079c       0x34 ./Core/Startup/startup_stm32f103c6tx.o
                                         0x78 (size before relaxing)
 .debug_str     0x00000000000807d0      0x38e ./Drivers/STM32F1xx_HAL_Driver/Src/stm32f1xx_hal.o
                                      0x7fd3b (size before relaxing)
 .debug_str     0x0000000000080b5e      0x294 ./Drivers/STM32F1xx_HAL_Driver/Src/stm32f1xx_hal_cortex.o
                                      0x7fc87 (size before relaxing)
 .debug_str     0x0000000000080df2      0x2d2 ./Drivers/STM32F1xx_HAL_Driver/Src/stm32f1xx_hal_gpio.o
                                      0x7f9c8 (size before relaxing)
 .debug_str     0x00000000000810c4      0x229 ./Drivers/STM32F1xx_HAL_Driver/Src/stm32f1xx_hal_rcc.o
                                      0x7fa71 (size before relaxing)
 .debug_str     0x00000000000812ed      0xdd0 ./Drivers/STM32F1xx_HAL_Driver/Src/stm32f1xx_hal_tim.o
                                      0x80a63 (size before relaxing)
 .debug_str     0x00000000000820bd      0x493 ./Drivers/STM32F1xx_HAL_Driver/Src/stm32f1xx_hal_tim_ex.o
                                      0x8027f (size before relaxing)

.debug_frame    0x0000000000000000     0x2a08
 .debug_frame   0x0000000000000000       0xac ./Core/Src/button.o
 .debug_frame   0x00000000000000ac       0xec ./Core/Src/fsm_automatic.o
 .debug_frame   0x0000000000000198       0x88 ./Core/Src/fsm_manual.o
 .debug_frame   0x0000000000000220      0x178 ./Core/Src/led.o
 .debug_frame   0x0000000000000398       0xd4 ./Core/Src/main.o
 .debug_frame   0x000000000000046c       0xa8 ./Core/Src/software_timer.o
 .debug_frame   0x0000000000000514       0x80 ./Core/Src/stm32f1xx_hal_msp.o
 .debug_frame   0x0000000000000594      0x120 ./Core/Src/stm32f1xx_it.o
 .debug_frame   0x00000000000006b4       0x58 ./Core/Src/system_stm32f1xx.o
 .debug_frame   0x000000000000070c      0x334 ./Drivers/STM32F1xx_HAL_Driver/Src/stm32f1xx_hal.o
 .debug_frame   0x0000000000000a40      0x428 ./Drivers/STM32F1xx_HAL_Driver/Src/stm32f1xx_hal_cortex.o
 .debug_frame   0x0000000000000e68      0x14c ./Drivers/STM32F1xx_HAL_Driver/Src/stm32f1xx_hal_gpio.o
 .debug_frame   0x0000000000000fb4      0x218 ./Drivers/STM32F1xx_HAL_Driver/Src/stm32f1xx_hal_rcc.o
 .debug_frame   0x00000000000011cc     0x11b8 ./Drivers/STM32F1xx_HAL_Driver/Src/stm32f1xx_hal_tim.o
 .debug_frame   0x0000000000002384      0x638 ./Drivers/STM32F1xx_HAL_Driver/Src/stm32f1xx_hal_tim_ex.o
 .debug_frame   0x00000000000029bc       0x20 C:/ST/STM32CubeIDE_1.13.1/STM32CubeIDE/plugins/com.st.stm32cube.ide.mcu.externaltools.gnu-tools-for-stm32.11.3.rel1.win32_1.1.0.202305231506/tools/bin/../lib/gcc/arm-none-eabi/11.3.1/../../../../arm-none-eabi/lib/thumb/v7-m/nofp\libc_nano.a(libc_a-memset.o)
 .debug_frame   0x00000000000029dc       0x2c C:/ST/STM32CubeIDE_1.13.1/STM32CubeIDE/plugins/com.st.stm32cube.ide.mcu.externaltools.gnu-tools-for-stm32.11.3.rel1.win32_1.1.0.202305231506/tools/bin/../lib/gcc/arm-none-eabi/11.3.1/../../../../arm-none-eabi/lib/thumb/v7-m/nofp\libc_nano.a(libc_a-init.o)

.debug_line_str
                0x0000000000000000       0x6c
 .debug_line_str
                0x0000000000000000       0x6c ./Core/Startup/startup_stm32f103c6tx.o
                                         0x84 (size before relaxing)
